Kadhi@DESKTOP-DBEJEKV MINGW64 ~/Desktop/GoMyCode/learn_git_again (master)
$ git init
Reinitialized existing Git repository in C:/Users/ADMIN/Desktop/GoMyCode/learn_git_again/.git/

Kadhi@DESKTOP-DBEJEKV MINGW64 ~/Desktop/GoMyCode/learn_git_again (master)
$ git remote -m https://github.com/seyfou/CheckpointGit.git
error: unknown switch `m'
usage: git remote [-v | --verbose]
   or: git remote add [-t <branch>] [-m <master>] [-f] [--tags | --no-tags] [--mirror=<fetch|push>] <name> <url>
   or: git remote rename <old> <new>
   or: git remote remove <name>
   or: git remote set-head <name> (-a | --auto | -d | --delete | <branch>)
   or: git remote [-v | --verbose] show [-n] <name>
   or: git remote prune [-n | --dry-run] <name>
   or: git remote [-v | --verbose] update [-p | --prune] [(<group> | <remote>)...]
   or: git remote set-branches [--add] <name> <branch>...
   or: git remote get-url [--push] [--all] <name>
   or: git remote set-url [--push] <name> <newurl> [<oldurl>]
   or: git remote set-url --add <name> <newurl>
   or: git remote set-url --delete <name> <url>

    -v, --verbose         be verbose; must be placed before a subcommand


Kadhi@DESKTOP-DBEJEKV MINGW64 ~/Desktop/GoMyCode/learn_git_again (master)
$ git remote add origin https://github.com/seyfou/CheckpointGit.git
error: remote origin already exists.

Kadhi@DESKTOP-DBEJEKV MINGW64 ~/Desktop/GoMyCode/learn_git_again (master)
$ git add .

Kadhi@DESKTOP-DBEJEKV MINGW64 ~/Desktop/GoMyCode/learn_git_again (master)
$ git commit -m "adding third.txt"
[master 7b88e97] adding third.txt
 1 file changed, 0 insertions(+), 0 deletions(-)
 create mode 100644 Third.txt

Kadhi@DESKTOP-DBEJEKV MINGW64 ~/Desktop/GoMyCode/learn_git_again (master)
$ git push origin master
Enumerating objects: 6, done.
Counting objects: 100% (6/6), done.
Delta compression using up to 4 threads
Compressing objects: 100% (3/3), done.
Writing objects: 100% (6/6), 480 bytes | 240.00 KiB/s, done.
Total 6 (delta 1), reused 0 (delta 0), pack-reused 0
remote: Resolving deltas: 100% (1/1), done.
To https://github.com/seyfou/CheckpointGit.git
 * [new branch]      master -> master

Kadhi@DESKTOP-DBEJEKV MINGW64 ~/Desktop/GoMyCode/learn_git_again (master)
$ git log
commit 7b88e97eddc2e58eb9af6e245bf917721aaac8fe (HEAD -> master, origin/master)
Author: Seifedine KADHI <kadhi.seifeddine@gmail.com>
Date:   Sat Jun 5 16:34:05 2021 +0100

    adding third.txt

commit c7623cb97f8b3e0294b19530425fef31663e6490
Author: Seifedine KADHI <kadhi.seifeddine@gmail.com>
Date:   Sat Jun 5 16:08:05 2021 +0100

    Chekpoint

commit ee0b30407a60bacf09b0a9abc9c1be3c8ed5feed
Author: Seifedine KADHI <kadhi.seifeddine@gmail.com>
Date:   Sat Jun 5 16:01:12 2021 +0100

    Chekpoint

Kadhi@DESKTOP-DBEJEKV MINGW64 ~/Desktop/GoMyCode/learn_git_again (master)
$ git commit -m "adding fourth.txt"
On branch master
Untracked files:
  (use "git add <file>..." to include in what will be committed)
        fourth.txt

nothing added to commit but untracked files present (use "git add" to track)

Kadhi@DESKTOP-DBEJEKV MINGW64 ~/Desktop/GoMyCode/learn_git_again (master)
$ git add .

Kadhi@DESKTOP-DBEJEKV MINGW64 ~/Desktop/GoMyCode/learn_git_again (master)
$  git commit -m "adding fourth.txt"
[master b2339e4] adding fourth.txt
 1 file changed, 0 insertions(+), 0 deletions(-)
 create mode 100644 fourth.txt

Kadhi@DESKTOP-DBEJEKV MINGW64 ~/Desktop/GoMyCode/learn_git_again (master)
$ git push origin master
Enumerating objects: 3, done.
Counting objects: 100% (3/3), done.
Delta compression using up to 4 threads
Compressing objects: 100% (2/2), done.
Writing objects: 100% (2/2), 259 bytes | 19.00 KiB/s, done.
Total 2 (delta 0), reused 0 (delta 0), pack-reused 0
To https://github.com/seyfou/CheckpointGit.git
   7b88e97..b2339e4  master -> master

Kadhi@DESKTOP-DBEJEKV MINGW64 ~/Desktop/GoMyCode/learn_git_again (master)
$ git rm Third.txt
rm 'Third.txt'

Kadhi@DESKTOP-DBEJEKV MINGW64 ~/Desktop/GoMyCode/learn_git_again (master)
$ git status
On branch master
Changes to be committed:
  (use "git restore --staged <file>..." to unstage)
        deleted:    Third.txt


Kadhi@DESKTOP-DBEJEKV MINGW64 ~/Desktop/GoMyCode/learn_git_again (master)
$  git commit -m "removing third.txt"
[master 11f87b0] removing third.txt
 1 file changed, 0 insertions(+), 0 deletions(-)
 delete mode 100644 Third.txt

Kadhi@DESKTOP-DBEJEKV MINGW64 ~/Desktop/GoMyCode/learn_git_again (master)
$ git push origin master
Enumerating objects: 3, done.
Counting objects: 100% (3/3), done.
Delta compression using up to 4 threads
Compressing objects: 100% (1/1), done.
Writing objects: 100% (2/2), 250 bytes | 250.00 KiB/s, done.
Total 2 (delta 0), reused 0 (delta 0), pack-reused 0
To https://github.com/seyfou/CheckpointGit.git
   b2339e4..11f87b0  master -> master

Kadhi@DESKTOP-DBEJEKV MINGW64 ~/Desktop/GoMyCode/learn_git_again (master)
$ git log
commit 11f87b0180aeab27421f0513046619ba917accbb (HEAD -> master, origin/master)
Author: Seifedine KADHI <kadhi.seifeddine@gmail.com>
Date:   Sat Jun 5 16:49:53 2021 +0100

    removing third.txt

commit b2339e41dd7ec5a842cf6250362900cc43e5f573
Author: Seifedine KADHI <kadhi.seifeddine@gmail.com>
Date:   Sat Jun 5 16:44:23 2021 +0100

    adding fourth.txt

commit 7b88e97eddc2e58eb9af6e245bf917721aaac8fe
Author: Seifedine KADHI <kadhi.seifeddine@gmail.com>
Date:   Sat Jun 5 16:34:05 2021 +0100

    adding third.txt

commit c7623cb97f8b3e0294b19530425fef31663e6490
Author: Seifedine KADHI <kadhi.seifeddine@gmail.com>
Date:   Sat Jun 5 16:08:05 2021 +0100

    Chekpoint
:
